// Jest Snapshot v1, https://goo.gl/fbAQLP

exports[`test in GifGridItem debe mostrar correctamente el componente 1`] = `
<div
  className="card animate__animated animate__backInDown"
>
  <img
    alt="snk"
    src="https://d500.epimg.net/cincodias/imagenes/2018/11/13/lifestyle/1542113135_776401_1542116070_noticia_normal.jpg"
  />
  <p>
    snk
  </p>
</div>
`;
